[debug] [2026-08-15T19:37:05.766Z] ----------------------------------------------------------------------
[debug] [2026-08-15T19:37:05.768Z] Command:       C:\Program Files\nodejs\node.exe C:\Users\asd\AppData\Roaming\npm\node_modules\firebase-tools\lib\bin\firebase.js emulators:start --only functions
[debug] [2026-08-15T19:37:05.768Z] CLI Version:   15.27.0
[debug] [2026-08-15T19:37:05.768Z] Platform:      win32
[debug] [2026-08-15T19:37:05.768Z] Node Version:  v24.18.0
[debug] [2026-08-15T19:37:05.769Z] Detected Agent: unknown
[debug] [2026-08-15T19:37:05.769Z] Time:          Sun Aug 16 2026 01:07:05 GMT+0530 (India Standard Time)
[debug] [2026-08-15T19:37:05.769Z] ----------------------------------------------------------------------
[debug] 
[debug] [2026-08-15T19:37:06.944Z] > command requires scopes: ["email","openid","https://www.googleapis.com/auth/cloudplatformprojects.readonly","https://www.googleapis.com/auth/firebase","https://www.googleapis.com/auth/cloud-platform"]
[debug] [2026-08-15T19:37:06.945Z] > authorizing via signed-in user (disharimandal74@gmail.com)
[info] i  emulators: Starting emulators: functions {"metadata":{"emulator":{"name":"hub"},"message":"Starting emulators: functions"}}
[debug] [2026-08-15T19:37:06.953Z] [logging] Logging Emulator only supports listening on one address (127.0.0.1). Not listening on ::1
[debug] [2026-08-15T19:37:06.953Z] assigned listening specs for emulators {"user":{"hub":[{"address":"127.0.0.1","family":"IPv4","port":4400},{"address":"::1","family":"IPv6","port":4400}],"ui":[{"address":"127.0.0.1","family":"IPv4","port":4000},{"address":"::1","family":"IPv6","port":4000}],"logging":[{"address":"127.0.0.1","family":"IPv4","port":4500}]},"metadata":{"message":"assigned listening specs for emulators"}}
[debug] [2026-08-15T19:37:06.957Z] Write emulator hub locator at C:\Users\asd\AppData\Local\Temp\hub-vigilance-mil-0207-22f11.json
[debug] [2026-08-15T19:37:06.967Z] [functions] Functions Emulator only supports listening on one address (127.0.0.1). Not listening on ::1
[debug] [2026-08-15T19:37:06.967Z] [eventarc] Eventarc Emulator only supports listening on one address (127.0.0.1). Not listening on ::1
[debug] [2026-08-15T19:37:06.967Z] [tasks] Cloud Tasks Emulator only supports listening on one address (127.0.0.1). Not listening on ::1
[debug] [2026-08-15T19:37:06.967Z] late-assigned ports for functions and eventarc emulators {"user":{"hub":[{"address":"127.0.0.1","family":"IPv4","port":4400},{"address":"::1","family":"IPv6","port":4400}],"ui":[{"address":"127.0.0.1","family":"IPv4","port":4000},{"address":"::1","family":"IPv6","port":4000}],"logging":[{"address":"127.0.0.1","family":"IPv4","port":4500}],"functions":[{"address":"127.0.0.1","family":"IPv4","port":5001}],"eventarc":[{"address":"127.0.0.1","family":"IPv4","port":9299}],"tasks":[{"address":"127.0.0.1","family":"IPv4","port":9499}]},"metadata":{"message":"late-assigned ports for functions and eventarc emulators"}}
[warn] !  functions: The following emulators are not running, calls to these services from the Functions emulator will affect production: apphosting, auth, firestore, database, hosting, pubsub, storage, dataconnect {"metadata":{"emulator":{"name":"functions"},"message":"The following emulators are not running, calls to these services from the Functions emulator will affect production: \u001b[1mapphosting, auth, firestore, database, hosting, pubsub, storage, dataconnect\u001b[22m"}}
[debug] [2026-08-15T19:37:06.985Z] defaultcredentials: writing to file C:\Users\asd\AppData\Roaming\firebase\disharimandal74_gmail_com_application_default_credentials.json
[debug] [2026-08-15T19:37:06.986Z] Setting GAC to C:\Users\asd\AppData\Roaming\firebase\disharimandal74_gmail_com_application_default_credentials.json {"metadata":{"emulator":{"name":"functions"},"message":"Setting GAC to C:\\Users\\asd\\AppData\\Roaming\\firebase\\disharimandal74_gmail_com_application_default_credentials.json"}}
[debug] [2026-08-15T19:37:06.987Z] Checked if tokens are valid: true, expires at: 1786824834884
[debug] [2026-08-15T19:37:06.987Z] Checked if tokens are valid: true, expires at: 1786824834884
[debug] [2026-08-15T19:37:06.988Z] >>> [apiv2][query] GET https://firebase.googleapis.com/v1beta1/projects/vigilance-mil-0207-22f11/adminSdkConfig [none]
[debug] [2026-08-15T19:37:07.656Z] <<< [apiv2][status] GET https://firebase.googleapis.com/v1beta1/projects/vigilance-mil-0207-22f11/adminSdkConfig 200
[debug] [2026-08-15T19:37:07.656Z] <<< [apiv2][body] GET https://firebase.googleapis.com/v1beta1/projects/vigilance-mil-0207-22f11/adminSdkConfig {"projectId":"vigilance-mil-0207-22f11","storageBucket":"vigilance-mil-0207-22f11.firebasestorage.app"}
[info] i  functions: Watching "C:\Users\asd\Dishariscrashout\vigilance\functions" for Cloud Functions... {"metadata":{"emulator":{"name":"functions"},"message":"Watching \"C:\\Users\\asd\\Dishariscrashout\\vigilance\\functions\" for Cloud Functions..."}}
[debug] [2026-08-15T19:37:07.681Z] Validating nodejs source
[debug] [2026-08-15T19:37:09.106Z] > [functions] package.json contents: {
  "name": "functions",
  "scripts": {
    "lint": "eslint --ext .js,.ts .",
    "build": "tsc",
    "build:watch": "tsc --watch",
    "serve": "npm run build && firebase emulators:start --only functions",
    "shell": "npm run build && firebase functions:shell",
    "start": "npm run shell",
    "deploy": "firebase deploy --only functions",
    "logs": "firebase functions:log"
  },
  "engines": {
    "node": "24"
  },
  "main": "lib/index.js",
  "dependencies": {
    "@google/generative-ai": "^0.24.1",
    "firebase-admin": "^13.6.0",
    "firebase-functions": "^7.0.0"
  },
  "devDependencies": {
    "@typescript-eslint/eslint-plugin": "^5.12.0",
    "@typescript-eslint/parser": "^5.12.0",
    "eslint": "^8.9.0",
    "eslint-config-google": "^0.14.0",
    "eslint-plugin-import": "^2.25.4",
    "firebase-functions-test": "^3.4.1",
    "typescript": "^6.0.0"
  },
  "private": true
}
[debug] [2026-08-15T19:37:09.107Z] Building nodejs source
[debug] [2026-08-15T19:37:09.107Z] Failed to find version of module node: reached end of search path C:\Users\asd\Dishariscrashout\vigilance\functions\node_modules
[info] +  functions: Using node@24 from host. 
[info] i  functions: Loaded environment variables from functions\.env 
[debug] [2026-08-15T19:37:09.111Z] Could not find functions.yaml. Must use http discovery
[debug] [2026-08-15T19:37:09.116Z] Found firebase-functions binary at 'C:\Users\asd\Dishariscrashout\vigilance\functions\node_modules\.bin\firebase-functions'
[info] Serving at port 8037

[debug] [2026-08-15T19:37:09.573Z] Got response from /__/functions.yaml {"endpoints":{"generateBiasMirrorRound":{"availableMemoryMb":null,"timeoutSeconds":null,"minInstances":null,"maxInstances":null,"ingressSettings":null,"concurrency":null,"serviceAccountEmail":null,"vpc":null,"platform":"gcfv2","secretEnvironmentVariables":[{"key":"GEMINI_API_KEY"}],"labels":{},"callableTrigger":{},"entryPoint":"generateBiasMirrorRound"},"evaluateBiasMirrorAnswer":{"availableMemoryMb":null,"timeoutSeconds":null,"minInstances":null,"maxInstances":null,"ingressSettings":null,"concurrency":null,"serviceAccountEmail":null,"vpc":null,"platform":"gcfv2","secretEnvironmentVariables":[{"key":"GEMINI_API_KEY"}],"labels":{},"callableTrigger":{},"entryPoint":"evaluateBiasMirrorAnswer"}},"specVersion":"v1alpha1","requiredAPIs":[],"extensions":{},"params":[{"type":"secret","name":"GEMINI_API_KEY"}]}
[info] +  functions: Loaded functions definitions from source: generateBiasMirrorRound, evaluateBiasMirrorAnswer. {"metadata":{"emulator":{"name":"functions"},"message":"Loaded functions definitions from source: generateBiasMirrorRound, evaluateBiasMirrorAnswer."}}
[info] +  functions[us-central1-generateBiasMirrorRound]: http function initialized (http://127.0.0.1:5001/vigilance-mil-0207-22f11/us-central1/generateBiasMirrorRound). {"metadata":{"emulator":{"name":"functions"},"message":"\u001b[1mhttp\u001b[22m function initialized (http://127.0.0.1:5001/vigilance-mil-0207-22f11/us-central1/generateBiasMirrorRound)."}}
[info] +  functions[us-central1-evaluateBiasMirrorAnswer]: http function initialized (http://127.0.0.1:5001/vigilance-mil-0207-22f11/us-central1/evaluateBiasMirrorAnswer). {"metadata":{"emulator":{"name":"functions"},"message":"\u001b[1mhttp\u001b[22m function initialized (http://127.0.0.1:5001/vigilance-mil-0207-22f11/us-central1/evaluateBiasMirrorAnswer)."}}
[debug] [2026-08-15T19:37:12.621Z] Could not find VSCode notification endpoint: TypeError: fetch failed. If you are not running the Firebase SQL Connect VSCode extension, this is expected and not an issue.
[info] 
┌─────────────────────────────────────────────────────────────┐
│ ✔  All emulators ready! It is now safe to connect your app. │
│ i  View Emulator UI at http://127.0.0.1:4000/               │
└─────────────────────────────────────────────────────────────┘

┌───────────┬────────────────┬─────────────────────────────────┐
│ Emulator  │ Host:Port      │ View in Emulator UI             │
├───────────┼────────────────┼─────────────────────────────────┤
│ Functions │ 127.0.0.1:5001 │ http://127.0.0.1:4000/functions │
└───────────┴────────────────┴─────────────────────────────────┘
  Emulator Hub host: 127.0.0.1 port: 4400
  Other reserved ports: 4500

Issues? Report them at https://github.com/firebase/firebase-tools/issues and attach the *-debug.log files.
 
[debug] [2026-08-15T19:37:52.823Z] [work-queue] {"queuedWork":["/vigilance-mil-0207-22f11/us-central1/generateBiasMirrorRound-2026-08-15T19:37:52.823Z"],"queueLength":1,"runningWork":[],"workRunningCount":0}
[debug] [2026-08-15T19:37:52.823Z] [work-queue] {"queuedWork":[],"queueLength":0,"runningWork":["/vigilance-mil-0207-22f11/us-central1/generateBiasMirrorRound-2026-08-15T19:37:52.823Z"],"workRunningCount":1}
[debug] [2026-08-15T19:37:52.823Z] Accepted request POST /vigilance-mil-0207-22f11/us-central1/generateBiasMirrorRound --> us-central1-generateBiasMirrorRound
[debug] [2026-08-15T19:37:52.824Z] [functions] Runtime ready! Sending request! {"metadata":{"emulator":{"name":"functions"},"message":"[functions] Runtime ready! Sending request!"}}
[debug] [2026-08-15T19:37:52.824Z] [functions] Got req.url=/vigilance-mil-0207-22f11/us-central1/generateBiasMirrorRound, mapping to path=/ {"metadata":{"emulator":{"name":"functions"},"message":"[functions] Got req.url=/vigilance-mil-0207-22f11/us-central1/generateBiasMirrorRound, mapping to path=/"}}
[info] i  functions: Loaded environment variables from functions\.env 
[info] i  functions: Trying to access secret GEMINI_API_KEY@latest {"metadata":{"emulator":{"name":"functions"},"message":"Trying to access secret GEMINI_API_KEY@latest"}}
[debug] [2026-08-15T19:37:52.827Z] Checked if tokens are valid: true, expires at: 1786824834884
[debug] [2026-08-15T19:37:52.827Z] Checked if tokens are valid: true, expires at: 1786824834884
[debug] [2026-08-15T19:37:52.828Z] >>> [apiv2][query] GET https://secretmanager.googleapis.com/v1/projects/vigilance-mil-0207-22f11/secrets/GEMINI_API_KEY/versions/latest:access [none]
[debug] [2026-08-15T19:37:53.250Z] <<< [apiv2][status] GET https://secretmanager.googleapis.com/v1/projects/vigilance-mil-0207-22f11/secrets/GEMINI_API_KEY/versions/latest:access 403
[debug] [2026-08-15T19:37:53.251Z] <<< [apiv2][body] GET https://secretmanager.googleapis.com/v1/projects/vigilance-mil-0207-22f11/secrets/GEMINI_API_KEY/versions/latest:access {"error":{"code":403,"message":"Secret Manager API has not been used in project vigilance-mil-0207-22f11 before or it is disabled. Enable it by visiting https://console.developers.google.com/apis/api/secretmanager.googleapis.com/overview?project=vigilance-mil-0207-22f11 then retry. If you enabled this API recently, wait a few minutes for the action to propagate to our systems and retry.","status":"PERMISSION_DENIED","details":[{"@type":"type.googleapis.com/google.rpc.ErrorInfo","reason":"SERVICE_DISABLED","domain":"googleapis.com","metadata":{"service":"secretmanager.googleapis.com","containerInfo":"vigilance-mil-0207-22f11","serviceTitle":"Secret Manager API","activationUrl":"https://console.developers.google.com/apis/api/secretmanager.googleapis.com/overview?project=vigilance-mil-0207-22f11","consumer":"projects/vigilance-mil-0207-22f11"}},{"@type":"type.googleapis.com/google.rpc.LocalizedMessage","locale":"en-US","message":"Secret Manager API has not been used in project vigilance-mil-0207-22f11 before or it is disabled. Enable it by visiting https://console.developers.google.com/apis/api/secretmanager.googleapis.com/overview?project=vigilance-mil-0207-22f11 then retry. If you enabled this API recently, wait a few minutes for the action to propagate to our systems and retry."},{"@type":"type.googleapis.com/google.rpc.Help","links":[{"description":"Google developers console API activation","url":"https://console.developers.google.com/apis/api/secretmanager.googleapis.com/overview?project=vigilance-mil-0207-22f11"}]}]}}
[error] !!  functions: Unable to access secret environment variables from Google Cloud Secret Manager. Make sure the credential used for the Functions Emulator have access or provide override values in C:\Users\asd\Dishariscrashout\vigilance\functions\.secret.local:
	FirebaseError: Request to https://secretmanager.googleapis.com/v1/projects/vigilance-mil-0207-22f11/secrets/GEMINI_API_KEY/versions/latest:access had HTTP Error: 403, Secret Manager API has not been used in project vigilance-mil-0207-22f11 before or it is disabled. Enable it by visiting https://console.developers.google.com/apis/api/secretmanager.googleapis.com/overview?project=vigilance-mil-0207-22f11 then retry. If you enabled this API recently, wait a few minutes for the action to propagate to our systems and retry. {"metadata":{"emulator":{"name":"functions"},"message":"Unable to access secret environment variables from Google Cloud Secret Manager. Make sure the credential used for the Functions Emulator have access or provide override values in C:\\Users\\asd\\Dishariscrashout\\vigilance\\functions\\.secret.local:\n\tFirebaseError: Request to https://secretmanager.googleapis.com/v1/projects/vigilance-mil-0207-22f11/secrets/GEMINI_API_KEY/versions/latest:access had HTTP Error: 403, Secret Manager API has not been used in project vigilance-mil-0207-22f11 before or it is disabled. Enable it by visiting https://console.developers.google.com/apis/api/secretmanager.googleapis.com/overview?project=vigilance-mil-0207-22f11 then retry. If you enabled this API recently, wait a few minutes for the action to propagate to our systems and retry."}}
[debug] [2026-08-15T19:37:53.257Z] [worker-pool] addWorker(us-central1-generateBiasMirrorRound) {"metadata":{"emulator":{"name":"functions"},"message":"[worker-pool] addWorker(us-central1-generateBiasMirrorRound)"}}
[debug] [2026-08-15T19:37:53.258Z] [worker-pool] Adding worker with key us-central1-generateBiasMirrorRound, total=1 {"metadata":{"emulator":{"name":"functions"},"message":"[worker-pool] Adding worker with key us-central1-generateBiasMirrorRound, total=1"}}
[debug] [2026-08-15T19:37:53.993Z] [runtime-status] [14520] Resolved module firebase-admin {"declared":true,"installed":true,"version":"13.10.0","resolution":"C:\\Users\\asd\\Dishariscrashout\\vigilance\\functions\\node_modules\\firebase-admin\\lib\\index.js"} {"metadata":{"emulator":{"name":"functions"},"function":{"name":"us-central1-generateBiasMirrorRound"},"extension":{},"message":"[runtime-status] [14520] Resolved module firebase-admin {\"declared\":true,\"installed\":true,\"version\":\"13.10.0\",\"resolution\":\"C:\\\\Users\\\\asd\\\\Dishariscrashout\\\\vigilance\\\\functions\\\\node_modules\\\\firebase-admin\\\\lib\\\\index.js\"}"}}
[debug] [2026-08-15T19:37:53.994Z] [runtime-status] [14520] Resolved module firebase-functions {"declared":true,"installed":true,"version":"7.3.2","resolution":"C:\\Users\\asd\\Dishariscrashout\\vigilance\\functions\\node_modules\\firebase-functions\\lib\\v2\\index.js"} {"metadata":{"emulator":{"name":"functions"},"function":{"name":"us-central1-generateBiasMirrorRound"},"extension":{},"message":"[runtime-status] [14520] Resolved module firebase-functions {\"declared\":true,\"installed\":true,\"version\":\"7.3.2\",\"resolution\":\"C:\\\\Users\\\\asd\\\\Dishariscrashout\\\\vigilance\\\\functions\\\\node_modules\\\\firebase-functions\\\\lib\\\\v2\\\\index.js\"}"}}
[debug] [2026-08-15T19:37:53.994Z] [runtime-status] [14520] Outgoing network have been stubbed. [{"name":"http","status":"mocked"},{"name":"http","status":"mocked"},{"name":"https","status":"mocked"},{"name":"https","status":"mocked"},{"name":"net","status":"mocked"}] {"metadata":{"emulator":{"name":"functions"},"function":{"name":"us-central1-generateBiasMirrorRound"},"extension":{},"message":"[runtime-status] [14520] Outgoing network have been stubbed. [{\"name\":\"http\",\"status\":\"mocked\"},{\"name\":\"http\",\"status\":\"mocked\"},{\"name\":\"https\",\"status\":\"mocked\"},{\"name\":\"https\",\"status\":\"mocked\"},{\"name\":\"net\",\"status\":\"mocked\"}]"}}
[debug] [2026-08-15T19:37:53.995Z] [runtime-status] [14520] Resolved module firebase-functions {"declared":true,"installed":true,"version":"7.3.2","resolution":"C:\\Users\\asd\\Dishariscrashout\\vigilance\\functions\\node_modules\\firebase-functions\\lib\\v2\\index.js"} {"metadata":{"emulator":{"name":"functions"},"function":{"name":"us-central1-generateBiasMirrorRound"},"extension":{},"message":"[runtime-status] [14520] Resolved module firebase-functions {\"declared\":true,\"installed\":true,\"version\":\"7.3.2\",\"resolution\":\"C:\\\\Users\\\\asd\\\\Dishariscrashout\\\\vigilance\\\\functions\\\\node_modules\\\\firebase-functions\\\\lib\\\\v2\\\\index.js\"}"}}
[debug] [2026-08-15T19:37:53.995Z] [runtime-status] [14520] Detected firebase-functions v7+, skipping legacy stubs. {"metadata":{"emulator":{"name":"functions"},"function":{"name":"us-central1-generateBiasMirrorRound"},"extension":{},"message":"[runtime-status] [14520] Detected firebase-functions v7+, skipping legacy stubs."}}
[debug] [2026-08-15T19:37:53.995Z] [runtime-status] [14520] Resolved module firebase-admin {"declared":true,"installed":true,"version":"13.10.0","resolution":"C:\\Users\\asd\\Dishariscrashout\\vigilance\\functions\\node_modules\\firebase-admin\\lib\\index.js"} {"metadata":{"emulator":{"name":"functions"},"function":{"name":"us-central1-generateBiasMirrorRound"},"extension":{},"message":"[runtime-status] [14520] Resolved module firebase-admin {\"declared\":true,\"installed\":true,\"version\":\"13.10.0\",\"resolution\":\"C:\\\\Users\\\\asd\\\\Dishariscrashout\\\\vigilance\\\\functions\\\\node_modules\\\\firebase-admin\\\\lib\\\\index.js\"}"}}
[debug] [2026-08-15T19:37:54.041Z] [runtime-status] [14520] Resolved module firebase-functions {"declared":true,"installed":true,"version":"7.3.2","resolution":"C:\\Users\\asd\\Dishariscrashout\\vigilance\\functions\\node_modules\\firebase-functions\\lib\\v2\\index.js"} {"metadata":{"emulator":{"name":"functions"},"function":{"name":"us-central1-generateBiasMirrorRound"},"extension":{},"message":"[runtime-status] [14520] Resolved module firebase-functions {\"declared\":true,\"installed\":true,\"version\":\"7.3.2\",\"resolution\":\"C:\\\\Users\\\\asd\\\\Dishariscrashout\\\\vigilance\\\\functions\\\\node_modules\\\\firebase-functions\\\\lib\\\\v2\\\\index.js\"}"}}
[debug] [2026-08-15T19:37:54.264Z] [runtime-status] [14520] firebase-admin has been stubbed. {"adminResolution":{"declared":true,"installed":true,"version":"13.10.0","resolution":"C:\\Users\\asd\\Dishariscrashout\\vigilance\\functions\\node_modules\\firebase-admin\\lib\\index.js"}} {"metadata":{"emulator":{"name":"functions"},"function":{"name":"us-central1-generateBiasMirrorRound"},"extension":{},"message":"[runtime-status] [14520] firebase-admin has been stubbed. {\"adminResolution\":{\"declared\":true,\"installed\":true,\"version\":\"13.10.0\",\"resolution\":\"C:\\\\Users\\\\asd\\\\Dishariscrashout\\\\vigilance\\\\functions\\\\node_modules\\\\firebase-admin\\\\lib\\\\index.js\"}}"}}
[debug] [2026-08-15T19:37:54.272Z] [runtime-status] [14520] Functions runtime initialized. {"cwd":"C:\\Users\\asd\\Dishariscrashout\\vigilance\\functions","node_version":"24.18.0"} {"metadata":{"emulator":{"name":"functions"},"function":{"name":"us-central1-generateBiasMirrorRound"},"extension":{},"message":"[runtime-status] [14520] Functions runtime initialized. {\"cwd\":\"C:\\\\Users\\\\asd\\\\Dishariscrashout\\\\vigilance\\\\functions\",\"node_version\":\"24.18.0\"}"}}
[debug] [2026-08-15T19:37:54.272Z] [runtime-status] [14520] Listening to port: \\?\pipe\fire_emu_ac5a7f81ec9bff2f {"metadata":{"emulator":{"name":"functions"},"function":{"name":"us-central1-generateBiasMirrorRound"},"extension":{},"message":"[runtime-status] [14520] Listening to port: \\\\?\\pipe\\fire_emu_ac5a7f81ec9bff2f"}}
[debug] [2026-08-15T19:37:54.368Z] [worker-us-central1-generateBiasMirrorRound-8617cf03-cdfc-4608-97d0-0f13a9e929b8]: IDLE {"metadata":{"emulator":{"name":"functions"},"function":{"name":"us-central1-generateBiasMirrorRound"},"extension":{},"message":"[worker-us-central1-generateBiasMirrorRound-8617cf03-cdfc-4608-97d0-0f13a9e929b8]: IDLE"}}
[debug] [2026-08-15T19:37:54.368Z] [worker-pool] submitRequest(triggerId=us-central1-generateBiasMirrorRound) {"metadata":{"emulator":{"name":"functions"},"message":"[worker-pool] submitRequest(triggerId=us-central1-generateBiasMirrorRound)"}}
[info] i  functions: Beginning execution of "us-central1-generateBiasMirrorRound" {"metadata":{"emulator":{"name":"functions"},"function":{"name":"us-central1-generateBiasMirrorRound"},"extension":{},"message":"Beginning execution of \"us-central1-generateBiasMirrorRound\""}}
[debug] [2026-08-15T19:37:54.369Z] [worker-us-central1-generateBiasMirrorRound-8617cf03-cdfc-4608-97d0-0f13a9e929b8]: BUSY {"metadata":{"emulator":{"name":"functions"},"function":{"name":"us-central1-generateBiasMirrorRound"},"extension":{},"message":"[worker-us-central1-generateBiasMirrorRound-8617cf03-cdfc-4608-97d0-0f13a9e929b8]: BUSY"}}
[info] >  {"verifications":{"app":"MISSING","auth":"MISSING"},"logging.googleapis.com/labels":{"firebase-log-type":"callable-request-verification"},"severity":"DEBUG","message":"Callable request verification passed"} {"user":{"verifications":{"app":"MISSING","auth":"MISSING"},"logging.googleapis.com/labels":{"firebase-log-type":"callable-request-verification"},"severity":"DEBUG","message":"Callable request verification passed"},"metadata":{"emulator":{"name":"functions"},"function":{"name":"us-central1-generateBiasMirrorRound"},"extension":{},"message":"\u001b[90m> \u001b[39m {\"verifications\":{\"app\":\"MISSING\",\"auth\":\"MISSING\"},\"logging.googleapis.com/labels\":{\"firebase-log-type\":\"callable-request-verification\"},\"severity\":\"DEBUG\",\"message\":\"Callable request verification passed\"}"}}
[debug] [2026-08-15T19:38:00.946Z] Finishing up request with event=pause {"metadata":{"emulator":{"name":"functions"},"function":{"name":"us-central1-generateBiasMirrorRound"},"extension":{},"message":"Finishing up request with event=pause"}}
[info] i  functions: Finished "us-central1-generateBiasMirrorRound" in 6577.7728ms {"metadata":{"emulator":{"name":"functions"},"function":{"name":"us-central1-generateBiasMirrorRound"},"extension":{},"message":"Finished \"us-central1-generateBiasMirrorRound\" in 6577.7728ms"}}
[debug] [2026-08-15T19:38:00.947Z] [worker-us-central1-generateBiasMirrorRound-8617cf03-cdfc-4608-97d0-0f13a9e929b8]: IDLE {"metadata":{"emulator":{"name":"functions"},"function":{"name":"us-central1-generateBiasMirrorRound"},"extension":{},"message":"[worker-us-central1-generateBiasMirrorRound-8617cf03-cdfc-4608-97d0-0f13a9e929b8]: IDLE"}}
[debug] [2026-08-15T19:38:00.947Z] Finishing up request with event=finish {"metadata":{"emulator":{"name":"functions"},"function":{"name":"us-central1-generateBiasMirrorRound"},"extension":{},"message":"Finishing up request with event=finish"}}
[debug] [2026-08-15T19:38:00.947Z] Finishing up request with event=close {"metadata":{"emulator":{"name":"functions"},"function":{"name":"us-central1-generateBiasMirrorRound"},"extension":{},"message":"Finishing up request with event=close"}}
[debug] [2026-08-15T19:38:00.947Z] [work-queue] {"queuedWork":[],"queueLength":0,"runningWork":[],"workRunningCount":0}
